[32m[Nest] 24840  - [39m05/10/2026, 2:45:55 AM [32m    LOG[39m [38;5;3m[NestFactory] [39m[32mStarting Nest application...[39m
[32m[Nest] 24840  - [39m05/10/2026, 2:45:55 AM [32m    LOG[39m [38;5;3m[InstanceLoader] [39m[32mPrismaModule dependencies initialized[39m[38;5;3m +15ms[39m
[32m[Nest] 24840  - [39m05/10/2026, 2:45:55 AM [32m    LOG[39m [38;5;3m[InstanceLoader] [39m[32mPassportModule dependencies initialized[39m[38;5;3m +2ms[39m
[32m[Nest] 24840  - [39m05/10/2026, 2:45:55 AM [32m    LOG[39m [38;5;3m[InstanceLoader] [39m[32mJwtModule dependencies initialized[39m[38;5;3m +2ms[39m
[32m[Nest] 24840  - [39m05/10/2026, 2:45:55 AM [32m    LOG[39m [38;5;3m[InstanceLoader] [39m[32mAppModule dependencies initialized[39m[38;5;3m +2ms[39m
[32m[Nest] 24840  - [39m05/10/2026, 2:45:55 AM [32m    LOG[39m [38;5;3m[InstanceLoader] [39m[32mUsersModule dependencies initialized[39m[38;5;3m +1ms[39m
[32m[Nest] 24840  - [39m05/10/2026, 2:45:55 AM [32m    LOG[39m [38;5;3m[InstanceLoader] [39m[32mInventoryModule dependencies initialized[39m[38;5;3m +0ms[39m
[32m[Nest] 24840  - [39m05/10/2026, 2:45:55 AM [32m    LOG[39m [38;5;3m[InstanceLoader] [39m[32mCurrencyModule dependencies initialized[39m[38;5;3m +0ms[39m
[32m[Nest] 24840  - [39m05/10/2026, 2:45:55 AM [32m    LOG[39m [38;5;3m[InstanceLoader] [39m[32mAdminModule dependencies initialized[39m[38;5;3m +1ms[39m
[32m[Nest] 24840  - [39m05/10/2026, 2:45:55 AM [32m    LOG[39m [38;5;3m[InstanceLoader] [39m[32mDailyRewardsModule dependencies initialized[39m[38;5;3m +0ms[39m
[32m[Nest] 24840  - [39m05/10/2026, 2:45:55 AM [32m    LOG[39m [38;5;3m[InstanceLoader] [39m[32mAuthModule dependencies initialized[39m[38;5;3m +0ms[39m
[32m[Nest] 24840  - [39m05/10/2026, 2:45:55 AM [32m    LOG[39m [38;5;3m[RoutesResolver] [39m[32mAppController {/}:[39m[38;5;3m +20ms[39m
[32m[Nest] 24840  - [39m05/10/2026, 2:45:55 AM [32m    LOG[39m [38;5;3m[RouterExplorer] [39m[32mMapped {/, GET} route[39m[38;5;3m +2ms[39m
[32m[Nest] 24840  - [39m05/10/2026, 2:45:55 AM [32m    LOG[39m [38;5;3m[RoutesResolver] [39m[32mUsersController {/users}:[39m[38;5;3m +0ms[39m
[32m[Nest] 24840  - [39m05/10/2026, 2:45:55 AM [32m    LOG[39m [38;5;3m[RouterExplorer] [39m[32mMapped {/users, GET} route[39m[38;5;3m +1ms[39m
[32m[Nest] 24840  - [39m05/10/2026, 2:45:55 AM [32m    LOG[39m [38;5;3m[RouterExplorer] [39m[32mMapped {/users/:id, GET} route[39m[38;5;3m +0ms[39m
[32m[Nest] 24840  - [39m05/10/2026, 2:45:55 AM [32m    LOG[39m [38;5;3m[RoutesResolver] [39m[32mAuthController {/auth}:[39m[38;5;3m +0ms[39m
[32m[Nest] 24840  - [39m05/10/2026, 2:45:55 AM [32m    LOG[39m [38;5;3m[RouterExplorer] [39m[32mMapped {/auth/register, POST} route[39m[38;5;3m +1ms[39m
[32m[Nest] 24840  - [39m05/10/2026, 2:45:55 AM [32m    LOG[39m [38;5;3m[RouterExplorer] [39m[32mMapped {/auth/login, POST} route[39m[38;5;3m +0ms[39m
[32m[Nest] 24840  - [39m05/10/2026, 2:45:55 AM [32m    LOG[39m [38;5;3m[RouterExplorer] [39m[32mMapped {/auth/refresh, POST} route[39m[38;5;3m +0ms[39m
[32m[Nest] 24840  - [39m05/10/2026, 2:45:55 AM [32m    LOG[39m [38;5;3m[RouterExplorer] [39m[32mMapped {/auth/logout, POST} route[39m[38;5;3m +0ms[39m
[32m[Nest] 24840  - [39m05/10/2026, 2:45:55 AM [32m    LOG[39m [38;5;3m[RouterExplorer] [39m[32mMapped {/auth/me, GET} route[39m[38;5;3m +1ms[39m
[32m[Nest] 24840  - [39m05/10/2026, 2:45:55 AM [32m    LOG[39m [38;5;3m[RoutesResolver] [39m[32mInventoryController {/inventory}:[39m[38;5;3m +0ms[39m
[32m[Nest] 24840  - [39m05/10/2026, 2:45:55 AM [32m    LOG[39m [38;5;3m[RouterExplorer] [39m[32mMapped {/inventory/me, GET} route[39m[38;5;3m +0ms[39m
[32m[Nest] 24840  - [39m05/10/2026, 2:45:55 AM [32m    LOG[39m [38;5;3m[RouterExplorer] [39m[32mMapped {/inventory/add, POST} route[39m[38;5;3m +0ms[39m
[32m[Nest] 24840  - [39m05/10/2026, 2:45:55 AM [32m    LOG[39m [38;5;3m[RouterExplorer] [39m[32mMapped {/inventory/remove, POST} route[39m[38;5;3m +1ms[39m
[32m[Nest] 24840  - [39m05/10/2026, 2:45:55 AM [32m    LOG[39m [38;5;3m[RoutesResolver] [39m[32mCurrencyController {/currency}:[39m[38;5;3m +0ms[39m
[32m[Nest] 24840  - [39m05/10/2026, 2:45:55 AM [32m    LOG[39m [38;5;3m[RouterExplorer] [39m[32mMapped {/currency/me, GET} route[39m[38;5;3m +0ms[39m
[32m[Nest] 24840  - [39m05/10/2026, 2:45:55 AM [32m    LOG[39m [38;5;3m[RouterExplorer] [39m[32mMapped {/currency/add, POST} route[39m[38;5;3m +0ms[39m
[32m[Nest] 24840  - [39m05/10/2026, 2:45:55 AM [32m    LOG[39m [38;5;3m[RouterExplorer] [39m[32mMapped {/currency/spend, POST} route[39m[38;5;3m +0ms[39m
[32m[Nest] 24840  - [39m05/10/2026, 2:45:55 AM [32m    LOG[39m [38;5;3m[RoutesResolver] [39m[32mAdminController {/admin}:[39m[38;5;3m +1ms[39m
[32m[Nest] 24840  - [39m05/10/2026, 2:45:55 AM [32m    LOG[39m [38;5;3m[RouterExplorer] [39m[32mMapped {/admin/games, GET} route[39m[38;5;3m +0ms[39m
[32m[Nest] 24840  - [39m05/10/2026, 2:45:55 AM [32m    LOG[39m [38;5;3m[RouterExplorer] [39m[32mMapped {/admin/games, POST} route[39m[38;5;3m +0ms[39m
[32m[Nest] 24840  - [39m05/10/2026, 2:45:55 AM [32m    LOG[39m [38;5;3m[RouterExplorer] [39m[32mMapped {/admin/games/:gameId, PATCH} route[39m[38;5;3m +0ms[39m
[32m[Nest] 24840  - [39m05/10/2026, 2:45:55 AM [32m    LOG[39m [38;5;3m[RouterExplorer] [39m[32mMapped {/admin/games/:gameId, DELETE} route[39m[38;5;3m +1ms[39m
[32m[Nest] 24840  - [39m05/10/2026, 2:45:55 AM [32m    LOG[39m [38;5;3m[RouterExplorer] [39m[32mMapped {/admin/items, GET} route[39m[38;5;3m +0ms[39m
[32m[Nest] 24840  - [39m05/10/2026, 2:45:55 AM [32m    LOG[39m [38;5;3m[RouterExplorer] [39m[32mMapped {/admin/items, POST} route[39m[38;5;3m +1ms[39m
[32m[Nest] 24840  - [39m05/10/2026, 2:45:55 AM [32m    LOG[39m [38;5;3m[RouterExplorer] [39m[32mMapped {/admin/items/:itemDefinitionId, PATCH} route[39m[38;5;3m +0ms[39m
[32m[Nest] 24840  - [39m05/10/2026, 2:45:55 AM [32m    LOG[39m [38;5;3m[RouterExplorer] [39m[32mMapped {/admin/items/:itemDefinitionId, DELETE} route[39m[38;5;3m +0ms[39m
[32m[Nest] 24840  - [39m05/10/2026, 2:45:55 AM [32m    LOG[39m [38;5;3m[RouterExplorer] [39m[32mMapped {/admin/currencies, GET} route[39m[38;5;3m +0ms[39m
[32m[Nest] 24840  - [39m05/10/2026, 2:45:55 AM [32m    LOG[39m [38;5;3m[RouterExplorer] [39m[32mMapped {/admin/currencies, POST} route[39m[38;5;3m +0ms[39m
[32m[Nest] 24840  - [39m05/10/2026, 2:45:55 AM [32m    LOG[39m [38;5;3m[RouterExplorer] [39m[32mMapped {/admin/currencies/:currencyDefinitionId, PATCH} route[39m[38;5;3m +1ms[39m
[32m[Nest] 24840  - [39m05/10/2026, 2:45:55 AM [32m    LOG[39m [38;5;3m[RouterExplorer] [39m[32mMapped {/admin/currencies/:currencyDefinitionId, DELETE} route[39m[38;5;3m +0ms[39m
[32m[Nest] 24840  - [39m05/10/2026, 2:45:55 AM [32m    LOG[39m [38;5;3m[RouterExplorer] [39m[32mMapped {/admin/daily-rewards, GET} route[39m[38;5;3m +0ms[39m
[32m[Nest] 24840  - [39m05/10/2026, 2:45:55 AM [32m    LOG[39m [38;5;3m[RouterExplorer] [39m[32mMapped {/admin/daily-rewards, POST} route[39m[38;5;3m +0ms[39m
[32m[Nest] 24840  - [39m05/10/2026, 2:45:55 AM [32m    LOG[39m [38;5;3m[RouterExplorer] [39m[32mMapped {/admin/daily-rewards/:dailyRewardDefinitionId, PATCH} route[39m[38;5;3m +0ms[39m
[32m[Nest] 24840  - [39m05/10/2026, 2:45:55 AM [32m    LOG[39m [38;5;3m[RouterExplorer] [39m[32mMapped {/admin/daily-rewards/:dailyRewardDefinitionId, DELETE} route[39m[38;5;3m +1ms[39m
[32m[Nest] 24840  - [39m05/10/2026, 2:45:55 AM [32m    LOG[39m [38;5;3m[RoutesResolver] [39m[32mDailyRewardsController {/daily-rewards}:[39m[38;5;3m +0ms[39m
[32m[Nest] 24840  - [39m05/10/2026, 2:45:55 AM [32m    LOG[39m [38;5;3m[RouterExplorer] [39m[32mMapped {/daily-rewards/me, GET} route[39m[38;5;3m +0ms[39m
[32m[Nest] 24840  - [39m05/10/2026, 2:45:55 AM [32m    LOG[39m [38;5;3m[RouterExplorer] [39m[32mMapped {/daily-rewards/claim, POST} route[39m[38;5;3m +0ms[39m
[32m[Nest] 24840  - [39m05/10/2026, 2:45:55 AM [32m    LOG[39m [38;5;3m[NestApplication] [39m[32mNest application successfully started[39m[38;5;3m +48ms[39m
